Goldset: ручных 76, ловушек 12, авто 40 (A–E ищут только по ручным)
──────────────────────────────── Этап: improve ─────────────────────────────────
Loading weights:   0%|          | 0/391 [00:00<?, ?it/s]Loading weights: 100%|██████████| 391/391 [00:00<00:00, 9108.28it/s]
Loading weights:   0%|          | 0/393 [00:00<?, ?it/s]Loading weights:   2%|▏         | 9/393 [00:01<01:07,  5.66it/s]Loading weights: 100%|██████████| 393/393 [00:01<00:00, 246.58it/s]
опора C: hybrid+реранкер: nDCG@10 0.832 · hit@1 0.750 · hit@3 0.855 · n=76 · 
чанков 2569 · 2325 мс
+ лексическое раскрытие: nDCG@10 0.833 · hit@1 0.750 · hit@3 0.855 · n=76 · 
чанков 2569 · 2006 мс
+ без крошек: nDCG@10 0.831 · hit@1 0.750 · hit@3 0.895 · n=76 · чанков 2537 · 
2003 мс
строю индекс таблиц 
bs_deepvk_user_bge_m3_header_recursive_512_15_markdown_tables
+ индекс таблиц: nDCG@10 0.815 · hit@1 0.750 · hit@3 0.855 · n=76 · чанков 5328 
· 1978 мс
+ 32 кандидата: nDCG@10 0.826 · hit@1 0.750 · hit@3 0.882 · n=76 · чанков 2569 ·
3830 мс
взвешенный RRF: nDCG@10 0.780 · hit@1 0.697 · hit@3 0.855 · n=76 · чанков 2569 ·
1950 мс
строю индекс bs_deepvk_user_bge_m3_header_recursive_512_15_rows
весь корпус rows: nDCG@10 0.812 · hit@1 0.724 · hit@3 0.868 · n=76 · чанков 2555
· 1958 мс
всё вместе (улучшенный): nDCG@10 0.803 · hit@1 0.737 · hit@3 0.868 · n=76 · 
чанков 5296 · 2005 мс
Результаты: /Users/islam/Projects/semantic_search_task/reports/benchmarks.csv
